<html>
<body>
<pre>
<h1>µVision Build Log</h1>
<h2>Project:</h2>
I:\WIN\Desktop\ece353hw3\HW3\HW3.uvprojx
Project File Date:  04/01/2017

<h2>Output:</h2>
Rebuild target 'HW2'
compiling main.c...
main.c(67): warning:  #223-D: function "initialize_serial_debug" declared implicitly
    initialize_serial_debug();
main.c(192): warning:  #223-D: function "put_string" declared implicitly
                put_string("\n\r IN DRAW MODE");
main.c(215): warning:  #223-D: function "put_string" declared implicitly
    put_string(msg);
main.c(211): warning:  #177-D: variable "i" was declared but never referenced
    uint32_t i;
main.c(227): warning:  #223-D: function "put_string" declared implicitly
    put_string("\n\r");
main.c(328): warning:  #1-D: last line of file ends without a newline
  }
main.c: 6 warnings, 0 errors
compiling adc.c...
compiling gpio_port.c...
..\drivers\c\gpio_port.c(82): warning:  #188-D: enumerated type mixed with another type
         return 0;
..\drivers\c\gpio_port.c(396): warning:  #177-D: variable "gpioPort" was declared but never referenced
    GPIOA_Type  *gpioPort;
..\drivers\c\gpio_port.c(422): warning:  #177-D: variable "gpioPort" was declared but never referenced
    GPIOA_Type  *gpioPort;
..\drivers\c\gpio_port.c: 3 warnings, 0 errors
compiling timers.c...
compiling launchpad_io.c...
compiling lcd.c...
compiling ps2.c...
assembling startup_TM4C123.s...
compiling system_TM4C123.c...
linking...
Program Size: Code=7408 RO-data=744 RW-data=76 ZI-data=4100  
".\obj\ece353_base_project.axf" - 0 Error(s), 9 Warning(s).

<h2>Software Packages used:</h2>

Package Vendor: ARM
                http://www.keil.com/pack/ARM.CMSIS.4.1.1.pack
                ARM::CMSIS:CORE:3.30.0
                CMSIS (Cortex Microcontroller Software Interface Standard)
   * Component: CORE Version: 3.30.0

Package Vendor: Keil
                http://www.keil.com/pack/Keil.TM4C_DFP.1.0.0.pack
                Keil::Device:Startup:1.0.0
                Texas Instruments Tiva C Series Device Support and Examples
   * Component: Startup Version: 1.0.0

<h2>Collection of Component include folders:</h2>
  I:\WIN\Desktop\ece353hw3\HW3\RTE
  C:\AppV\mdk_510\ARM\PACK\ARM\CMSIS\4.1.1\CMSIS\Include
  C:\AppV\mdk_510\ARM\PACK\Keil\TM4C_DFP\1.0.0\Device\Include\TM4C123

<h2>Collection of Component Files used:</h2>

   * Component: ARM::CMSIS:CORE:3.30.0
      Source file:   CMSIS\UserCodeTemplates\ARM\ITM_Retarget.c

   * Component: Keil::Device:Startup:1.0.0
      Source file:   Device\Source\ARM\startup_TM4C123.s
      Include file:  Device\Include\TM4C123\TM4C123.h
      Source file:   Device\Source\system_TM4C123.c
Load "I:\\WIN\\Desktop\\ece353hw3\\HW3\\obj\\ece353_base_project.axf" 
Connecting: Mode=JTAG, Speed=1000000Hz
Erase Done.
Programming Done.
Verify OK.
fy OK.
