<html>
<body>
<pre>
<h1>µVision Build Log</h1>
<h2>Tool Versions:</h2>
IDE-Version: µVision V5.22.0.0
Copyright (C) 2016 ARM Ltd and ARM Germany GmbH. All rights reserved.
License Information: Shyamal Anadkat, UW-Madison, LIC=----
 
Tool Versions:
Toolchain:       MDK-Lite  Version: 5.22
Toolchain Path:  C:\Keil_v5\ARM\ARMCC\Bin
C Compiler:      Armcc.exe V5.06 update 4 (build 422)
Assembler:       Armasm.exe V5.06 update 4 (build 422)
Linker/Locator:  ArmLink.exe V5.06 update 4 (build 422)
Library Manager: ArmAr.exe V5.06 update 4 (build 422)
Hex Converter:   FromElf.exe V5.06 update 4 (build 422)
CPU DLL:         SARMCM3.DLL V5.22
Dialog DLL:      DCM.DLL V1.13.9.0
Target DLL:      lmidk-agdi.dll V???
Dialog DLL:      TCM.DLL V1.21.0.0
 
<h2>Project:</h2>
C:\ece353hw3\HW3\HW3.uvprojx
Project File Date:  04/07/2017

<h2>Output:</h2>
*** Using Compiler 'V5.06 update 4 (build 422)', folder: 'C:\Keil_v5\ARM\ARMCC\Bin'
Rebuild target 'HW2'
compiling adc.c...
..\drivers\include\adc.h(73): warning:  #1295-D: Deprecated declaration initialize_adc_hw3 - give arg types
  
ool initialize_adc_hw3();
..\drivers\c\adc.c: 1 warning, 0 errors
compiling gpio_port.c...
..\drivers\c\gpio_port.c(82): warning:  #188-D: enumerated type mixed with another type
         return 0;
..\drivers\c\gpio_port.c(396): warning:  #177-D: variable "gpioPort"  was declared but never referenced
    GPIOA_Type  *gpioPort;
..\drivers\c\gpio_port.c(422): warning:  #177-D: variable "gpioPort"  was declared but never referenced
    GPIOA_Type  *gpioPort;
..\drivers\c\gpio_port.c: 3 warnings, 0 errors
compiling main.c...
..\drivers\include\adc.h(73): warning:  #1295-D: Deprecated declaration initialize_adc_hw3 - give arg types
  
ool initialize_adc_hw3();
main.c(80): warning:  #223-D: function "initialize_serial_debug" declared implicitly
    initialize_serial_debug();
main.c(184): warning:  #223-D: function "put_string" declared implicitly
    put_string("\n\r");
main.c(319): warning:  #1-D: last line of file ends without a newline
  }
main.c(47): warning:  #177-D: variable "sw1_debounce_counter"  was declared but never referenced
  static int sw1_debounce_counter = 0;
main.c: 5 warnings, 0 errors
compiling launchpad_io.c...
compiling timers.c...
compiling lcd.c...
..\peripherals\c\lcd.c(242): warning:  #177-D: variable "i"  was declared but never referenced
    uint16_t i,j;
..\peripherals\c\lcd.c(242): warning:  #177-D: variable "j"  was declared but never referenced
    uint16_t i,j;
..\peripherals\c\lcd.c: 2 warnings, 0 errors
assembling startup_TM4C123.s...
compiling system_TM4C123.c...
compiling ps2.c...
..\drivers\include\adc.h(73): warning:  #1295-D: Deprecated declaration initialize_adc_hw3 - give arg types
  
ool initialize_adc_hw3();
..\peripherals\c\ps2.c: 1 warning, 0 errors
linking...
Program Size: Code=8084 RO-data=744 RW-data=108 ZI-data=13700  
".\obj\ece353_base_project.axf" - 0 Error(s), 12 Warning(s).

<h2>Software Packages used:</h2>

Package Vendor: ARM
                http://www.keil.com/pack/ARM.CMSIS.5.0.1.pack
                ARM::CMSIS:CORE:5.0.1
                CMSIS (Cortex Microcontroller Software Interface Standard)
   * Component: CORE Version: 5.0.1

Package Vendor: Keil
                http://www.keil.com/pack/Keil.TM4C_DFP.1.1.0.pack
                Keil::Device:Startup:1.0.1
                Texas Instruments Tiva C Series Device Support and Examples
   * Component: Startup Version: 1.0.1

<h2>Collection of Component include folders:</h2>
  C:\ece353hw3\HW3\RTE\_HW2
  C:\Keil_v5\ARM\PACK\ARM\CMSIS\5.0.1\CMSIS\Include
  C:\Keil_v5\ARM\PACK\Keil\TM4C_DFP\1.1.0\Device\Include\TM4C123

<h2>Collection of Component Files used:</h2>

   * Component: ARM::CMSIS:CORE:5.0.1

   * Component: Keil::Device:Startup:1.0.1
      Include file:  Device\Include\TM4C123\TM4C123.h
      Source file:   Device\Source\system_TM4C123.c
      Source file:   Device\Source\ARM\startup_TM4C123.s
Build Time Elapsed:  00:00:01
</pre>
</body>
</html>
