<html>
<body>
<pre>
<h1>µVision Build Log</h1>
<h2>Tool Versions:</h2>
IDE-Version: µVision V5.20.0.39
Copyright (C) 2016 ARM Ltd and ARM Germany GmbH. All rights reserved.
License Information: Eric Hoffman, University of Wisconsin, LIC=----
 
Tool Versions:
Toolchain:       MDK-Lite  Version: 5.17
Toolchain Path:  C:\Keil_v5\ARM\ARMCC\Bin
C Compiler:      Armcc.exe V5.06 update 1 (build 61)
Assembler:       Armasm.exe V5.06 update 1 (build 61)
Linker/Locator:  ArmLink.exe V5.06 update 1 (build 61)
Library Manager: ArmAr.exe V5.06 update 1 (build 61)
Hex Converter:   FromElf.exe V5.06 update 1 (build 61)
CPU DLL:         SARMCM3.DLL V5.17
Dialog DLL:      DCM.DLL V1.13.4.0
Target DLL:      lmidk-agdi.dll V???
Dialog DLL:      TCM.DLL V1.14.6.0
 
<h2>Project:</h2>
C:\Users\Eric\Documents\ECE_Classes\ECE353\JoesStuff\EricAsStudent\HW3\HW3.uvprojx
Project File Date:  12/04/2016

<h2>Output:</h2>
*** Using Compiler 'V5.06 update 1 (build 61)', folder: 'C:\Keil_v5\ARM\ARMCC\Bin'
Rebuild target 'HW2'
compiling ps2.c...
compiling launchpad_io.c...
compiling adc.c...
..\drivers\c\adc.c(197): warning:  #940-D: missing return statement at end of non-void function "start_ps2_adc_irq"
  }
..\drivers\c\adc.c: 1 warning, 0 errors
compiling gpio_port.c...
..\drivers\c\gpio_port.c(82): warning:  #188-D: enumerated type mixed with another type
         return 0;
..\drivers\c\gpio_port.c(439): warning:  #177-D: variable "gpioPort" was declared but never referenced
    GPIOA_Type  *gpioPort;
..\drivers\c\gpio_port.c: 2 warnings, 0 errors
compiling main.c...
main.c(47): warning:  #223-D: function "initialize_serial_debug" declared implicitly
    initialize_serial_debug();
main.c(88): warning:  #223-D: function "put_string" declared implicitly
    put_string("\n\r");
main.c(192): warning:  #223-D: function "put_string" declared implicitly
  		put_string("left\r\n");
main.c(196): warning:  #223-D: function "put_string" declared implicitly
  		put_string("right\r\n");
main.c(200): warning:  #223-D: function "put_string" declared implicitly
  		put_string("up\r\n");
main.c(204): warning:  #223-D: function "put_string" declared implicitly
  		put_string("down\r\n");
main.c: 6 warnings, 0 errors
compiling timers.c...
compiling lcd.c...
..\peripherals\c\lcd.c(94): warning:  #177-D: variable "DH" was declared but never referenced
    uint8_t DH = y>>8;      // Bits 15-8 of the pixel color
..\peripherals\c\lcd.c(95): warning:  #177-D: variable "DL" was declared but never referenced
    uint8_t DL = y;        // Bits 7-0 of the pixel color
..\peripherals\c\lcd.c: 2 warnings, 0 errors
assembling startup_TM4C123.s...
compiling system_TM4C123.c...
linking...
Program Size: Code=8328 RO-data=744 RW-data=84 ZI-data=13700  
".\obj\ece353_base_project.axf" - 0 Error(s), 11 Warning(s).

<h2>Software Packages used:</h2>

Package Vendor: ARM
                http://www.keil.com/pack/ARM.CMSIS.4.5.0.pack
                ARM::CMSIS:CORE:4.3.0
                CMSIS (Cortex Microcontroller Software Interface Standard)
   * Component: CORE Version: 4.3.0

Package Vendor: Keil
                http://www.keil.com/pack/Keil.TM4C_DFP.1.0.0.pack
                Keil::Device:Startup:1.0.0
                Texas Instruments Tiva C Series Device Support and Examples
   * Component: Startup Version: 1.0.0

<h2>Collection of Component include folders:</h2>
  C:\Users\Eric\Documents\ECE_Classes\ECE353\JoesStuff\EricAsStudent\HW3\RTE
  C:\Keil_v5\ARM\PACK\ARM\CMSIS\4.5.0\CMSIS\Include
  C:\Keil_v5\ARM\PACK\Keil\TM4C_DFP\1.0.0\Device\Include\TM4C123

<h2>Collection of Component Files used:</h2>

   * Component: ARM::CMSIS:CORE:4.3.0

   * Component: Keil::Device:Startup:1.0.0
      Source file:   Device\Source\ARM\startup_TM4C123.s
      Source file:   Device\Source\system_TM4C123.c
      Include file:  Device\Include\TM4C123\TM4C123.h
Build Time Elapsed:  00:00:01
</pre>
</body>
</html>
